Command line invocation:
    /Applications/Xcode.app/Contents/Developer/usr/bin/xcodebuild -scheme DogTV+ -destination "platform=tvOS Simulator,name=Apple TV" clean build

